00:00 +0: loading /home/youssef/work/mobile-apps/travel_app/test/widget_test.dart                                                                                                                      00:01 +0: loading /home/youssef/work/mobile-apps/travel_app/test/widget_test.dart                                                                                                                      00:02 +0: loading /home/youssef/work/mobile-apps/travel_app/test/widget_test.dart                                                                                                                      00:02 +0: shows onboarding screen                                                                                                                                                                      00:02 +1: shows onboarding screen                                                                                                                                                                      00:02 +1: navigates from onboarding to home                                                                                                                                                            00:03 +1: navigates from onboarding to home                                                                                                                                                            00:03 +1: navigates from onboarding to home                                                                                                                                                            
══╡ EXCEPTION CAUGHT BY RENDERING LIBRARY ╞═════════════════════════════════════════════════════════
The following assertion was thrown during layout:
A RenderFlex overflowed by 174 pixels on the bottom.

The relevant error-causing widget was:
  Column
  Column:file:///home/youssef/work/mobile-apps/travel_app/lib/widgets/cards/destination_card.dart:32:16

The overflowing RenderFlex has an orientation of Axis.vertical.
The edge of the RenderFlex that is overflowing has been marked in the rendering with a yellow and
black striped pattern. This is usually caused by the contents being too big for the RenderFlex.
Consider applying a flex factor (e.g. using an Expanded widget) to force the children of the
RenderFlex to fit within the available space instead of being sized to their natural size.
This is considered an error condition because it indicates that there is content that cannot be
seen. If the content is legitimately bigger than the available space, consider clipping it with a
ClipRect widget before putting it in the flex, or using a scrollable container rather than a Flex,
like a ListView.
The specific RenderFlex in question is: RenderFlex#c3205 relayoutBoundary=up7 OVERFLOWING:
  creator: Column ← Listener ← RawGestureDetector ← GestureDetector ← Semantics ←
    DefaultSelectionStyle ← Builder ← MouseRegion ← Semantics ← _FocusInheritedScope ← Focus ←
    _ActionsScope ← ⋯
  parentData: <none> (can use size)
  constraints: BoxConstraints(w=354.0, 0.0<=h<=248.0)
  size: Size(354.0, 248.0)
  direction: vertical
  mainAxisAlignment: start
  mainAxisSize: max
  crossAxisAlignment: start
  textDirection: ltr
  verticalDirection: down
  spacing: 0.0
◢◤◢◤◢◤◢◤◢◤◢◤◢◤◢◤◢◤◢◤◢◤◢◤◢◤◢◤◢◤◢◤◢◤◢◤◢◤◢◤◢◤◢◤◢◤◢◤◢◤◢◤◢◤◢◤◢◤◢◤◢◤◢◤◢◤◢◤◢◤◢◤◢◤◢◤◢◤◢◤◢◤◢◤◢◤◢◤◢◤◢◤◢◤◢◤◢◤◢◤
════════════════════════════════════════════════════════════════════════════════════════════════════
══╡ EXCEPTION CAUGHT BY RENDERING LIBRARY ╞═════════════════════════════════════════════════════════
The following assertion was thrown during layout:
A RenderFlex overflowed by 174 pixels on the bottom.

The relevant error-causing widget was:
  Column
  Column:file:///home/youssef/work/mobile-apps/travel_app/lib/widgets/cards/destination_card.dart:32:16

The overflowing RenderFlex has an orientation of Axis.vertical.
The edge of the RenderFlex that is overflowing has been marked in the rendering with a yellow and
black striped pattern. This is usually caused by the contents being too big for the RenderFlex.
Consider applying a flex factor (e.g. using an Expanded widget) to force the children of the
RenderFlex to fit within the available space instead of being sized to their natural size.
This is considered an error condition because it indicates that there is content that cannot be
seen. If the content is legitimately bigger than the available space, consider clipping it with a
ClipRect widget before putting it in the flex, or using a scrollable container rather than a Flex,
like a ListView.
The specific RenderFlex in question is: RenderFlex#88ada relayoutBoundary=up7 OVERFLOWING:
  creator: Column ← Listener ← RawGestureDetector ← GestureDetector ← Semantics ←
    DefaultSelectionStyle ← Builder ← MouseRegion ← Semantics ← _FocusInheritedScope ← Focus ←
    _ActionsScope ← ⋯
  parentData: <none> (can use size)
  constraints: BoxConstraints(w=354.0, 0.0<=h<=248.0)
  size: Size(354.0, 248.0)
  direction: vertical
  mainAxisAlignment: start
  mainAxisSize: max
  crossAxisAlignment: start
  textDirection: ltr
  verticalDirection: down
  spacing: 0.0
◢◤◢◤◢◤◢◤◢◤◢◤◢◤◢◤◢◤◢◤◢◤◢◤◢◤◢◤◢◤◢◤◢◤◢◤◢◤◢◤◢◤◢◤◢◤◢◤◢◤◢◤◢◤◢◤◢◤◢◤◢◤◢◤◢◤◢◤◢◤◢◤◢◤◢◤◢◤◢◤◢◤◢◤◢◤◢◤◢◤◢◤◢◤◢◤◢◤◢◤
════════════════════════════════════════════════════════════════════════════════════════════════════
══╡ EXCEPTION CAUGHT BY RENDERING LIBRARY ╞═════════════════════════════════════════════════════════
The following assertion was thrown during layout:
A RenderFlex overflowed by 174 pixels on the bottom.

The relevant error-causing widget was:
  Column
  Column:file:///home/youssef/work/mobile-apps/travel_app/lib/widgets/cards/destination_card.dart:32:16

The overflowing RenderFlex has an orientation of Axis.vertical.
The edge of the RenderFlex that is overflowing has been marked in the rendering with a yellow and
black striped pattern. This is usually caused by the contents being too big for the RenderFlex.
Consider applying a flex factor (e.g. using an Expanded widget) to force the children of the
RenderFlex to fit within the available space instead of being sized to their natural size.
This is considered an error condition because it indicates that there is content that cannot be
seen. If the content is legitimately bigger than the available space, consider clipping it with a
ClipRect widget before putting it in the flex, or using a scrollable container rather than a Flex,
like a ListView.
The specific RenderFlex in question is: RenderFlex#c5fcb relayoutBoundary=up7 OVERFLOWING:
  creator: Column ← Listener ← RawGestureDetector ← GestureDetector ← Semantics ←
    DefaultSelectionStyle ← Builder ← MouseRegion ← Semantics ← _FocusInheritedScope ← Focus ←
    _ActionsScope ← ⋯
  parentData: <none> (can use size)
  constraints: BoxConstraints(w=354.0, 0.0<=h<=248.0)
  size: Size(354.0, 248.0)
  direction: vertical
  mainAxisAlignment: start
  mainAxisSize: max
  crossAxisAlignment: start
  textDirection: ltr
  verticalDirection: down
  spacing: 0.0
◢◤◢◤◢◤◢◤◢◤◢◤◢◤◢◤◢◤◢◤◢◤◢◤◢◤◢◤◢◤◢◤◢◤◢◤◢◤◢◤◢◤◢◤◢◤◢◤◢◤◢◤◢◤◢◤◢◤◢◤◢◤◢◤◢◤◢◤◢◤◢◤◢◤◢◤◢◤◢◤◢◤◢◤◢◤◢◤◢◤◢◤◢◤◢◤◢◤◢◤
════════════════════════════════════════════════════════════════════════════════════════════════════
══╡ EXCEPTION CAUGHT BY RENDERING LIBRARY ╞═════════════════════════════════════════════════════════
The following assertion was thrown during layout:
A RenderFlex overflowed by 174 pixels on the bottom.

The relevant error-causing widget was:
  Column
  Column:file:///home/youssef/work/mobile-apps/travel_app/lib/widgets/cards/destination_card.dart:32:16

The overflowing RenderFlex has an orientation of Axis.vertical.
The edge of the RenderFlex that is overflowing has been marked in the rendering with a yellow and
black striped pattern. This is usually caused by the contents being too big for the RenderFlex.
Consider applying a flex factor (e.g. using an Expanded widget) to force the children of the
RenderFlex to fit within the available space instead of being sized to their natural size.
This is considered an error condition because it indicates that there is content that cannot be
seen. If the content is legitimately bigger than the available space, consider clipping it with a
ClipRect widget before putting it in the flex, or using a scrollable container rather than a Flex,
like a ListView.
The specific RenderFlex in question is: RenderFlex#0a6e8 relayoutBoundary=up7 OVERFLOWING:
  creator: Column ← Listener ← RawGestureDetector ← GestureDetector ← Semantics ←
    DefaultSelectionStyle ← Builder ← MouseRegion ← Semantics ← _FocusInheritedScope ← Focus ←
    _ActionsScope ← ⋯
  parentData: <none> (can use size)
  constraints: BoxConstraints(w=354.0, 0.0<=h<=248.0)
  size: Size(354.0, 248.0)
  direction: vertical
  mainAxisAlignment: start
  mainAxisSize: max
  crossAxisAlignment: start
  textDirection: ltr
  verticalDirection: down
  spacing: 0.0
◢◤◢◤◢◤◢◤◢◤◢◤◢◤◢◤◢◤◢◤◢◤◢◤◢◤◢◤◢◤◢◤◢◤◢◤◢◤◢◤◢◤◢◤◢◤◢◤◢◤◢◤◢◤◢◤◢◤◢◤◢◤◢◤◢◤◢◤◢◤◢◤◢◤◢◤◢◤◢◤◢◤◢◤◢◤◢◤◢◤◢◤◢◤◢◤◢◤◢◤
════════════════════════════════════════════════════════════════════════════════════════════════════
══╡ EXCEPTION CAUGHT BY FLUTTER TEST FRAMEWORK ╞════════════════════════════════════════════════════
The following message was thrown:
Multiple exceptions (4) were detected during the running of the current test, and at least one was
unexpected.
════════════════════════════════════════════════════════════════════════════════════════════════════
00:04 +1 -1: navigates from onboarding to home [E]                                                                                                                                                     
  Test failed. See exception logs above.
  The test description was: navigates from onboarding to home
  

To run this test again: /opt/flutter/bin/cache/dart-sdk/bin/dart test /home/youssef/work/mobile-apps/travel_app/test/widget_test.dart -p vm --plain-name 'navigates from onboarding to home'
00:04 +1 -1: Some tests failed.                                                                                                                                                                        
